Archive member included to satisfy reference by file (symbol)

/Users/geekchun/Developerment/gcc-arm-none-eabi/bin/../lib/gcc/arm-none-eabi/8.3.1/../../../../arm-none-eabi/lib/thumb/v7-m/nofp/libc_nano.a(lib_a-exit.o)
                              /Users/geekchun/Developerment/gcc-arm-none-eabi/bin/../lib/gcc/arm-none-eabi/8.3.1/../../../../arm-none-eabi/lib/thumb/v7-m/nofp/crt0.o (exit)
/Users/geekchun/Developerment/gcc-arm-none-eabi/bin/../lib/gcc/arm-none-eabi/8.3.1/../../../../arm-none-eabi/lib/thumb/v7-m/nofp/libc_nano.a(lib_a-impure.o)
                              /Users/geekchun/Developerment/gcc-arm-none-eabi/bin/../lib/gcc/arm-none-eabi/8.3.1/../../../../arm-none-eabi/lib/thumb/v7-m/nofp/libc_nano.a(lib_a-exit.o) (_global_impure_ptr)
/Users/geekchun/Developerment/gcc-arm-none-eabi/bin/../lib/gcc/arm-none-eabi/8.3.1/../../../../arm-none-eabi/lib/thumb/v7-m/nofp/libc_nano.a(lib_a-init.o)
                              /Users/geekchun/Developerment/gcc-arm-none-eabi/bin/../lib/gcc/arm-none-eabi/8.3.1/../../../../arm-none-eabi/lib/thumb/v7-m/nofp/crt0.o (__libc_init_array)
/Users/geekchun/Developerment/gcc-arm-none-eabi/bin/../lib/gcc/arm-none-eabi/8.3.1/../../../../arm-none-eabi/lib/thumb/v7-m/nofp/libc_nano.a(lib_a-memset.o)
                              /Users/geekchun/Developerment/gcc-arm-none-eabi/bin/../lib/gcc/arm-none-eabi/8.3.1/../../../../arm-none-eabi/lib/thumb/v7-m/nofp/crt0.o (memset)
/Users/geekchun/Developerment/gcc-arm-none-eabi/bin/../lib/gcc/arm-none-eabi/8.3.1/../../../../arm-none-eabi/lib/thumb/v7-m/nofp/libnosys.a(_exit.o)
                              /Users/geekchun/Developerment/gcc-arm-none-eabi/bin/../lib/gcc/arm-none-eabi/8.3.1/../../../../arm-none-eabi/lib/thumb/v7-m/nofp/libc_nano.a(lib_a-exit.o) (_exit)

Discarded input sections

 .text          0x0000000000000000        0x0 /Users/geekchun/Developerment/gcc-arm-none-eabi/bin/../lib/gcc/arm-none-eabi/8.3.1/thumb/v7-m/nofp/crti.o
 .data          0x0000000000000000        0x0 /Users/geekchun/Developerment/gcc-arm-none-eabi/bin/../lib/gcc/arm-none-eabi/8.3.1/thumb/v7-m/nofp/crti.o
 .bss           0x0000000000000000        0x0 /Users/geekchun/Developerment/gcc-arm-none-eabi/bin/../lib/gcc/arm-none-eabi/8.3.1/thumb/v7-m/nofp/crti.o
 .data          0x0000000000000000        0x4 /Users/geekchun/Developerment/gcc-arm-none-eabi/bin/../lib/gcc/arm-none-eabi/8.3.1/thumb/v7-m/nofp/crtbegin.o
 .text          0x0000000000000000       0x74 /Users/geekchun/Developerment/gcc-arm-none-eabi/bin/../lib/gcc/arm-none-eabi/8.3.1/../../../../arm-none-eabi/lib/thumb/v7-m/nofp/crt0.o
 .data          0x0000000000000000        0x0 /Users/geekchun/Developerment/gcc-arm-none-eabi/bin/../lib/gcc/arm-none-eabi/8.3.1/../../../../arm-none-eabi/lib/thumb/v7-m/nofp/crt0.o
 .bss           0x0000000000000000        0x0 /Users/geekchun/Developerment/gcc-arm-none-eabi/bin/../lib/gcc/arm-none-eabi/8.3.1/../../../../arm-none-eabi/lib/thumb/v7-m/nofp/crt0.o
 .ARM.extab     0x0000000000000000        0x0 /Users/geekchun/Developerment/gcc-arm-none-eabi/bin/../lib/gcc/arm-none-eabi/8.3.1/../../../../arm-none-eabi/lib/thumb/v7-m/nofp/crt0.o
 .ARM.exidx     0x0000000000000000        0x8 /Users/geekchun/Developerment/gcc-arm-none-eabi/bin/../lib/gcc/arm-none-eabi/8.3.1/../../../../arm-none-eabi/lib/thumb/v7-m/nofp/crt0.o
 .ARM.attributes
                0x0000000000000000       0x1b /Users/geekchun/Developerment/gcc-arm-none-eabi/bin/../lib/gcc/arm-none-eabi/8.3.1/../../../../arm-none-eabi/lib/thumb/v7-m/nofp/crt0.o
 .text          0x0000000000000000      0x28c .//libraries/src/stm32f10x_cec.o
 .data          0x0000000000000000        0x0 .//libraries/src/stm32f10x_cec.o
 .bss           0x0000000000000000        0x0 .//libraries/src/stm32f10x_cec.o
 .debug_info    0x0000000000000000      0x453 .//libraries/src/stm32f10x_cec.o
 .debug_abbrev  0x0000000000000000      0x1ef .//libraries/src/stm32f10x_cec.o
 .debug_aranges
                0x0000000000000000       0x20 .//libraries/src/stm32f10x_cec.o
 .debug_line    0x0000000000000000      0x2db .//libraries/src/stm32f10x_cec.o
 .debug_str     0x0000000000000000      0x37a .//libraries/src/stm32f10x_cec.o
 .comment       0x0000000000000000       0x77 .//libraries/src/stm32f10x_cec.o
 .debug_frame   0x0000000000000000      0x224 .//libraries/src/stm32f10x_cec.o
 .ARM.attributes
                0x0000000000000000       0x2d .//libraries/src/stm32f10x_cec.o
 .text          0x0000000000000000      0x8dc .//libraries/src/stm32f10x_usart.o
 .data          0x0000000000000000        0x0 .//libraries/src/stm32f10x_usart.o
 .bss           0x0000000000000000        0x0 .//libraries/src/stm32f10x_usart.o
 .debug_info    0x0000000000000000      0xa79 .//libraries/src/stm32f10x_usart.o
 .debug_abbrev  0x0000000000000000      0x1b7 .//libraries/src/stm32f10x_usart.o
 .debug_aranges
                0x0000000000000000       0x20 .//libraries/src/stm32f10x_usart.o
[...]
Memory Configuration

Name             Origin             Length             Attributes
FLASH            0x0000000008000000 0x0000000000080000 xr
RAM              0x0000000020000000 0x0000000000010000 xrw
MEMORY_B1        0x0000000060000000 0x0000000000000000 xr
*default*        0x0000000000000000 0xffffffffffffffff

Linker script and memory map

LOAD /Users/geekchun/Developerment/gcc-arm-none-eabi/bin/../lib/gcc/arm-none-eabi/8.3.1/thumb/v7-m/nofp/crti.o
LOAD /Users/geekchun/Developerment/gcc-arm-none-eabi/bin/../lib/gcc/arm-none-eabi/8.3.1/thumb/v7-m/nofp/crtbegin.o
LOAD /Users/geekchun/Developerment/gcc-arm-none-eabi/bin/../lib/gcc/arm-none-eabi/8.3.1/../../../../arm-none-eabi/lib/thumb/v7-m/nofp/crt0.o
LOAD .//libraries/src/stm32f10x_cec.o
LOAD .//libraries/src/stm32f10x_usart.o
LOAD .//libraries/src/stm32f10x_pwr.o
LOAD .//libraries/src/stm32f10x_adc.o
LOAD .//libraries/src/stm32f10x_fsmc.o
LOAD .//libraries/src/stm32f10x_dma.o
LOAD .//libraries/src/stm32f10x_exti.o
LOAD .//libraries/src/stm32f10x_dac.o
LOAD .//libraries/src/stm32f10x_wwdg.o
LOAD .//libraries/src/stm32f10x_can.o
LOAD .//libraries/src/stm32f10x_iwdg.o
LOAD .//libraries/src/stm32f10x_crc.o
LOAD .//libraries/src/stm32f10x_flash.o
LOAD .//libraries/src/stm32f10x_gpio.o
LOAD .//libraries/src/stm32f10x_rtc.o
LOAD .//libraries/src/stm32f10x_spi.o
LOAD .//libraries/src/stm32f10x_tim.o
LOAD .//libraries/src/stm32f10x_sdio.o
LOAD .//libraries/src/stm32f10x_bkp.o
LOAD .//libraries/src/stm32f10x_dbgmcu.o
LOAD .//libraries/src/misc.o
LOAD .//libraries/src/stm32f10x_i2c.o
LOAD .//libraries/src/stm32f10x_rcc.o
LOAD .//user/src/main.o
LOAD .//user/src/stm32f10x_it.o
LOAD .//cmsis/src/system_stm32f10x.o
LOAD ./startup/startup_stm32f10x_hd.o
START GROUP
LOAD /Users/geekchun/Developerment/gcc-arm-none-eabi/bin/../lib/gcc/arm-none-eabi/8.3.1/../../../../arm-none-eabi/lib/thumb/v7-m/nofp/libc_nano.a
LOAD /Users/geekchun/Developerment/gcc-arm-none-eabi/bin/../lib/gcc/arm-none-eabi/8.3.1/../../../../arm-none-eabi/lib/thumb/v7-m/nofp/libm.a
END GROUP
                0x0000000000000080                malloc_getpagesize_P = 0x80
START GROUP
LOAD /Users/geekchun/Developerment/gcc-arm-none-eabi/bin/../lib/gcc/arm-none-eabi/8.3.1/thumb/v7-m/nofp/libgcc.a
LOAD /Users/geekchun/Developerment/gcc-arm-none-eabi/bin/../lib/gcc/arm-none-eabi/8.3.1/../../../../arm-none-eabi/lib/thumb/v7-m/nofp/libc_nano.a
END GROUP
START GROUP
LOAD /Users/geekchun/Developerment/gcc-arm-none-eabi/bin/../lib/gcc/arm-none-eabi/8.3.1/thumb/v7-m/nofp/libgcc.a
LOAD /Users/geekchun/Developerment/gcc-arm-none-eabi/bin/../lib/gcc/arm-none-eabi/8.3.1/../../../../arm-none-eabi/lib/thumb/v7-m/nofp/libc_nano.a
LOAD /Users/geekchun/Developerment/gcc-arm-none-eabi/bin/../lib/gcc/arm-none-eabi/8.3.1/../../../../arm-none-eabi/lib/thumb/v7-m/nofp/libnosys.a
END GROUP
START GROUP
LOAD /Users/geekchun/Developerment/gcc-arm-none-eabi/bin/../lib/gcc/arm-none-eabi/8.3.1/thumb/v7-m/nofp/libgcc.a
LOAD /Users/geekchun/Developerment/gcc-arm-none-eabi/bin/../lib/gcc/arm-none-eabi/8.3.1/../../../../arm-none-eabi/lib/thumb/v7-m/nofp/libc_nano.a
LOAD /Users/geekchun/Developerment/gcc-arm-none-eabi/bin/../lib/gcc/arm-none-eabi/8.3.1/../../../../arm-none-eabi/lib/thumb/v7-m/nofp/libnosys.a
END GROUP
LOAD /Users/geekchun/Developerment/gcc-arm-none-eabi/bin/../lib/gcc/arm-none-eabi/8.3.1/thumb/v7-m/nofp/crtend.o
LOAD /Users/geekchun/Developerment/gcc-arm-none-eabi/bin/../lib/gcc/arm-none-eabi/8.3.1/thumb/v7-m/nofp/crtn.o
                0x0000000020010000                _estack = 0x20010000
                0x0000000000000000                _Min_Heap_Size = 0x0
                0x0000000000000200                _Min_Stack_Size = 0x200

.isr_vector     0x0000000008000000      0x1e4
                0x0000000008000000                . = ALIGN (0x4)
 *(.isr_vector)
 .isr_vector    0x0000000008000000      0x1e4 ./startup/startup_stm32f10x_hd.o
                0x0000000008000000                g_pfnVectors
                0x00000000080001e4                . = ALIGN (0x4)

.eh_frame       0x00000000080001e4        0x0
 .eh_frame      0x00000000080001e4        0x0 /Users/geekchun/Developerment/gcc-arm-none-eabi/bin/../lib/gcc/arm-none-eabi/8.3.1/thumb/v7-m/nofp/crtbegin.o

.text           0x00000000080001e4     0x1174
                0x00000000080001e4                . = ALIGN (0x4)
 *(.text)
 .text          0x00000000080001e4       0x40 /Users/geekchun/Developerment/gcc-arm-none-eabi/bin/../lib/gcc/arm-none-eabi/8.3.1/thumb/v7-m/nofp/crtbegin.o
 .text          0x0000000008000224      0x5d8 .//libraries/src/stm32f10x_gpio.o
                0x0000000008000224                GPIO_DeInit
                0x0000000008000308                GPIO_AFIODeInit
                0x0000000008000320                GPIO_Init
                0x0000000008000498                GPIO_StructInit
                0x00000000080004be                GPIO_ReadInputDataBit
                0x00000000080004f0                GPIO_ReadInputData
                0x0000000008000508                GPIO_ReadOutputDataBit
                0x000000000800053a                GPIO_ReadOutputData
                0x0000000008000552                GPIO_SetBits
                0x000000000800056e                GPIO_ResetBits
                0x000000000800058a                GPIO_WriteBit
                0x00000000080005b8                GPIO_Write
                0x00000000080005d4                GPIO_PinLockConfig
                0x0000000008000616                GPIO_EventOutputConfig
                0x0000000008000660                GPIO_EventOutputCmd
                0x0000000008000680                GPIO_PinRemapConfig
                0x0000000008000760                GPIO_EXTILineConfig
                0x00000000080007e0                GPIO_ETH_MediaInterfaceConfig
 .text          0x00000000080007fc      0x7d4 .//libraries/src/stm32f10x_rcc.o
                0x00000000080007fc                RCC_DeInit
                0x0000000008000858                RCC_HSEConfig
                0x00000000080008b4                RCC_WaitForHSEStartUp
                0x0000000008000904                RCC_AdjustHSICalibrationValue
                0x0000000008000940                RCC_HSICmd
                0x0000000008000960                RCC_PLLConfig
                0x000000000800099c                RCC_PLLCmd
                0x00000000080009bc                RCC_SYSCLKConfig
                0x00000000080009f4                RCC_GetSYSCLKSource
                0x0000000008000a10                RCC_HCLKConfig
                0x0000000008000a48                RCC_PCLK1Config
                0x0000000008000a80                RCC_PCLK2Config
                0x0000000008000ab8                RCC_ITConfig
                0x0000000008000b04                RCC_USBCLKConfig
                0x0000000008000b20                RCC_ADCCLKConfig
                0x0000000008000b58                RCC_LSEConfig
                0x0000000008000b98                RCC_LSICmd
                0x0000000008000bb8                RCC_RTCCLKConfig
                0x0000000008000bdc                RCC_RTCCLKCmd
                0x0000000008000bfc                RCC_GetClocksFreq
                0x0000000008000d60                RCC_AHBPeriphClockCmd
                0x0000000008000d9c                RCC_APB2PeriphClockCmd
                0x0000000008000dd8                RCC_APB1PeriphClockCmd
                0x0000000008000e14                RCC_APB2PeriphResetCmd
                0x0000000008000e50                RCC_APB1PeriphResetCmd
                0x0000000008000e8c                RCC_BackupResetCmd
                0x0000000008000eac                RCC_ClockSecuritySystemCmd
                0x0000000008000ecc                RCC_MCOConfig
                0x0000000008000eec                RCC_GetFlagStatus
                0x0000000008000f60                RCC_ClearFlag
                0x0000000008000f7c                RCC_GetITStatus
                0x0000000008000fb0                RCC_ClearITPendingBit
 .text          0x0000000008000fd0       0x38 .//user/src/main.o
                0x0000000008000fd0                main
 .text          0x0000000008001008       0x54 .//user/src/stm32f10x_it.o
                0x0000000008001008                NMI_Handler
                0x0000000008001014                HardFault_Handler
                0x000000000800101a                MemManage_Handler
                0x0000000008001020                BusFault_Handler
                0x0000000008001026                UsageFault_Handler
                0x000000000800102c                SVC_Handler
                0x0000000008001038                DebugMon_Handler
                0x0000000008001044                PendSV_Handler
                0x0000000008001050                SysTick_Handler
 .text          0x000000000800105c      0x250 .//cmsis/src/system_stm32f10x.o
                0x000000000800105c                SystemInit
                0x00000000080010c4                SystemCoreClockUpdate
 *(.text*)
 .text.Reset_Handler
                0x00000000080012ac       0x48 ./startup/startup_stm32f10x_hd.o
                0x00000000080012ac                Reset_Handler
 .text.Default_Handler
                0x00000000080012f4        0x2 ./startup/startup_stm32f10x_hd.o
                0x00000000080012f4                DMA2_Channel3_IRQHandler
                0x00000000080012f4                TIM8_TRG_COM_IRQHandler
                0x00000000080012f4                TIM8_CC_IRQHandler
                0x00000000080012f4                TIM1_CC_IRQHandler
                0x00000000080012f4                TIM6_IRQHandler
                0x00000000080012f4                PVD_IRQHandler
                0x00000000080012f4                SDIO_IRQHandler
                0x00000000080012f4                EXTI3_IRQHandler
                0x00000000080012f4                EXTI0_IRQHandler
                0x00000000080012f4                I2C2_EV_IRQHandler
                0x00000000080012f4                ADC1_2_IRQHandler
                0x00000000080012f4                SPI1_IRQHandler
                0x00000000080012f4                TAMPER_IRQHandler
                0x00000000080012f4                TIM8_UP_IRQHandler
                0x00000000080012f4                DMA2_Channel2_IRQHandler
                0x00000000080012f4                DMA1_Channel4_IRQHandler
                0x00000000080012f4                USART3_IRQHandler
                0x00000000080012f4                RTC_IRQHandler
                0x00000000080012f4                DMA1_Channel7_IRQHandler
                0x00000000080012f4                CAN1_RX1_IRQHandler
                0x00000000080012f4                UART5_IRQHandler
                0x00000000080012f4                ADC3_IRQHandler
                0x00000000080012f4                TIM4_IRQHandler
                0x00000000080012f4                DMA2_Channel1_IRQHandler
                0x00000000080012f4                I2C1_EV_IRQHandler
                0x00000000080012f4                DMA1_Channel6_IRQHandler
                0x00000000080012f4                UART4_IRQHandler
                0x00000000080012f4                TIM3_IRQHandler
                0x00000000080012f4                RCC_IRQHandler
                0x00000000080012f4                TIM1_TRG_COM_IRQHandler
                0x00000000080012f4                DMA1_Channel1_IRQHandler
                0x00000000080012f4                Default_Handler
                0x00000000080012f4                EXTI15_10_IRQHandler
                0x00000000080012f4                TIM7_IRQHandler
                0x00000000080012f4                TIM5_IRQHandler
                0x00000000080012f4                EXTI9_5_IRQHandler
                0x00000000080012f4                SPI2_IRQHandler
                0x00000000080012f4                DMA1_Channel5_IRQHandler
                0x00000000080012f4                EXTI4_IRQHandler
                0x00000000080012f4                USB_LP_CAN1_RX0_IRQHandler
                0x00000000080012f4                USB_HP_CAN1_TX_IRQHandler
                0x00000000080012f4                DMA1_Channel3_IRQHandler
                0x00000000080012f4                FSMC_IRQHandler
                0x00000000080012f4                TIM1_UP_IRQHandler
                0x00000000080012f4                WWDG_IRQHandler
                0x00000000080012f4                TIM2_IRQHandler
                0x00000000080012f4                TIM1_BRK_IRQHandler
                0x00000000080012f4                EXTI1_IRQHandler
                0x00000000080012f4                RTCAlarm_IRQHandler
                0x00000000080012f4                DMA2_Channel4_5_IRQHandler
                0x00000000080012f4                USART2_IRQHandler
                0x00000000080012f4                I2C2_ER_IRQHandler
                0x00000000080012f4                DMA1_Channel2_IRQHandler
                0x00000000080012f4                TIM8_BRK_IRQHandler
                0x00000000080012f4                CAN1_SCE_IRQHandler
                0x00000000080012f4                FLASH_IRQHandler
                0x00000000080012f4                USART1_IRQHandler
                0x00000000080012f4                SPI3_IRQHandler
                0x00000000080012f4                I2C1_ER_IRQHandler
                0x00000000080012f4                USBWakeUp_IRQHandler
                0x00000000080012f4                EXTI2_IRQHandler
 *fill*         0x00000000080012f6        0x2 
 .text.__libc_init_array
                0x00000000080012f8       0x48 /Users/geekchun/Developerment/gcc-arm-none-eabi/bin/../lib/gcc/arm-none-eabi/8.3.1/../../../../arm-none-eabi/lib/thumb/v7-m/nofp/libc_nano.a(lib_a-init.o)
                0x00000000080012f8                __libc_init_array
 *(.rodata)
 *(.rodata*)
 *(.glue_7)
 .glue_7        0x0000000008001340        0x0 linker stubs
 *(.glue_7t)
 .glue_7t       0x0000000008001340        0x0 linker stubs
 *(.init)
 .init          0x0000000008001340        0x4 /Users/geekchun/Developerment/gcc-arm-none-eabi/bin/../lib/gcc/arm-none-eabi/8.3.1/thumb/v7-m/nofp/crti.o
                0x0000000008001340                _init
 .init          0x0000000008001344        0x8 /Users/geekchun/Developerment/gcc-arm-none-eabi/bin/../lib/gcc/arm-none-eabi/8.3.1/thumb/v7-m/nofp/crtn.o
 *(.fini)
 .fini          0x000000000800134c        0x4 /Users/geekchun/Developerment/gcc-arm-none-eabi/bin/../lib/gcc/arm-none-eabi/8.3.1/thumb/v7-m/nofp/crti.o
                0x000000000800134c                _fini
 .fini          0x0000000008001350        0x8 /Users/geekchun/Developerment/gcc-arm-none-eabi/bin/../lib/gcc/arm-none-eabi/8.3.1/thumb/v7-m/nofp/crtn.o
                0x0000000008001358                . = ALIGN (0x4)
                0x0000000008001358                _etext = .

.vfp11_veneer   0x0000000008001358        0x0
 .vfp11_veneer  0x0000000008001358        0x0 linker stubs

.v4_bx          0x0000000008001358        0x0
 .v4_bx         0x0000000008001358        0x0 linker stubs

.iplt           0x0000000008001358        0x0
 .iplt          0x0000000008001358        0x0 /Users/geekchun/Developerment/gcc-arm-none-eabi/bin/../lib/gcc/arm-none-eabi/8.3.1/thumb/v7-m/nofp/crtbegin.o

.rel.dyn        0x0000000008001358        0x0
 .rel.iplt      0x0000000008001358        0x0 /Users/geekchun/Developerment/gcc-arm-none-eabi/bin/../lib/gcc/arm-none-eabi/8.3.1/thumb/v7-m/nofp/crtbegin.o

.ARM.extab
 *(.ARM.extab* .gnu.linkonce.armextab.*)

.ARM            0x0000000008001358        0x0
                0x0000000008001358                __exidx_start = .
 *(.ARM.exidx*)
                0x0000000008001358                __exidx_end = .

.ARM.attributes
                0x0000000008001358       0x29
 *(.ARM.attributes)
 .ARM.attributes
                0x0000000008001358       0x1d /Users/geekchun/Developerment/gcc-arm-none-eabi/bin/../lib/gcc/arm-none-eabi/8.3.1/thumb/v7-m/nofp/crti.o
 .ARM.attributes
                0x0000000008001375       0x2d /Users/geekchun/Developerment/gcc-arm-none-eabi/bin/../lib/gcc/arm-none-eabi/8.3.1/thumb/v7-m/nofp/crtbegin.o
 .ARM.attributes
                0x00000000080013a2       0x2d .//libraries/src/stm32f10x_gpio.o
 .ARM.attributes
                0x00000000080013cf       0x2d .//libraries/src/stm32f10x_rcc.o
 .ARM.attributes
                0x00000000080013fc       0x2d .//user/src/main.o
 .ARM.attributes
                0x0000000008001429       0x2d .//user/src/stm32f10x_it.o
 .ARM.attributes
                0x0000000008001456       0x2d .//cmsis/src/system_stm32f10x.o
 .ARM.attributes
                0x0000000008001483       0x21 ./startup/startup_stm32f10x_hd.o
 .ARM.attributes
                0x00000000080014a4       0x2d /Users/geekchun/Developerment/gcc-arm-none-eabi/bin/../lib/gcc/arm-none-eabi/8.3.1/../../../../arm-none-eabi/lib/thumb/v7-m/nofp/libc_nano.a(lib_a-init.o)
 .ARM.attributes
                0x00000000080014d1       0x1d /Users/geekchun/Developerment/gcc-arm-none-eabi/bin/../lib/gcc/arm-none-eabi/8.3.1/thumb/v7-m/nofp/crtn.o

.preinit_array  0x0000000008001358        0x0
                0x0000000008001358                PROVIDE (__preinit_array_start = .)
 *(.preinit_array*)
                0x0000000008001358                PROVIDE (__preinit_array_end = .)

.init_array     0x0000000008001358        0x4
                0x0000000008001358                PROVIDE (__init_array_start = .)
 *(SORT_BY_NAME(.init_array.*))
 *(.init_array*)
 .init_array    0x0000000008001358        0x4 /Users/geekchun/Developerment/gcc-arm-none-eabi/bin/../lib/gcc/arm-none-eabi/8.3.1/thumb/v7-m/nofp/crtbegin.o
                0x000000000800135c                PROVIDE (__init_array_end = .)

.fini_array     0x000000000800135c        0x4
                [!provide]                        PROVIDE (__fini_array_start = .)
 *(.fini_array*)
 .fini_array    0x000000000800135c        0x4 /Users/geekchun/Developerment/gcc-arm-none-eabi/bin/../lib/gcc/arm-none-eabi/8.3.1/thumb/v7-m/nofp/crtbegin.o
 *(SORT_BY_NAME(.fini_array.*))
                [!provide]                        PROVIDE (__fini_array_end = .)
                0x0000000008001360                _sidata = .

.data           0x0000000020000000       0x28 load address 0x0000000008001360
                0x0000000020000000                . = ALIGN (0x4)
                0x0000000020000000                _sdata = .
 *(.data)
 .data          0x0000000020000000       0x14 .//libraries/src/stm32f10x_rcc.o
 .data          0x0000000020000014       0x14 .//cmsis/src/system_stm32f10x.o
                0x0000000020000014                SystemCoreClock
                0x0000000020000018                AHBPrescTable
 *(.data*)
                0x0000000020000028                . = ALIGN (0x4)
                0x0000000020000028                _edata = .

.igot.plt       0x0000000020000028        0x0 load address 0x0000000008001388
 .igot.plt      0x0000000020000028        0x0 /Users/geekchun/Developerment/gcc-arm-none-eabi/bin/../lib/gcc/arm-none-eabi/8.3.1/thumb/v7-m/nofp/crtbegin.o
                0x0000000020000028                . = ALIGN (0x4)

.bss            0x0000000020000028       0x1c load address 0x0000000008001388
                0x0000000020000028                _sbss = .
                0x0000000020000028                __bss_start__ = _sbss
 *(.bss)
 .bss           0x0000000020000028       0x1c /Users/geekchun/Developerment/gcc-arm-none-eabi/bin/../lib/gcc/arm-none-eabi/8.3.1/thumb/v7-m/nofp/crtbegin.o
 *(.bss*)
 *(COMMON)
                0x0000000020000044                . = ALIGN (0x4)
                0x0000000020000044                _ebss = .
                0x0000000020000044                __bss_end__ = _ebss
                [!provide]                        PROVIDE (end = _ebss)
                [!provide]                        PROVIDE (_end = _ebss)

._user_heap_stack
                0x0000000020000044      0x200 load address 0x00000000080013a4
                0x0000000020000044                . = ALIGN (0x4)
                0x0000000020000044                . = (. + _Min_Heap_Size)
                0x0000000020000244                . = (. + _Min_Stack_Size)
 *fill*         0x0000000020000044      0x200 
                0x0000000020000244                . = ALIGN (0x4)

.memory_b1_text
 *(.mb1text)
 *(.mb1text*)
 *(.mb1rodata)
 *(.mb1rodata*)

/DISCARD/
 libc.a(*)
 libm.a(*)
 libgcc.a(*)
OUTPUT(./project/output/led.elf elf32-littlearm)

.debug_info     0x0000000000000000     0x187f
 .debug_info    0x0000000000000000      0x74c .//libraries/src/stm32f10x_gpio.o
 .debug_info    0x000000000000074c      0x911 .//libraries/src/stm32f10x_rcc.o
 .debug_info    0x000000000000105d      0x230 .//user/src/main.o
 .debug_info    0x000000000000128d      0x144 .//user/src/stm32f10x_it.o
 .debug_info    0x00000000000013d1      0x48c .//cmsis/src/system_stm32f10x.o
 .debug_info    0x000000000000185d       0x22 ./startup/startup_stm32f10x_hd.o

.debug_abbrev   0x0000000000000000      0x77b
 .debug_abbrev  0x0000000000000000      0x20f .//libraries/src/stm32f10x_gpio.o
 .debug_abbrev  0x000000000000020f      0x1f9 .//libraries/src/stm32f10x_rcc.o
 .debug_abbrev  0x0000000000000408      0x120 .//user/src/main.o
 .debug_abbrev  0x0000000000000528       0x80 .//user/src/stm32f10x_it.o
 .debug_abbrev  0x00000000000005a8      0x1c1 .//cmsis/src/system_stm32f10x.o
 .debug_abbrev  0x0000000000000769       0x12 ./startup/startup_stm32f10x_hd.o

.debug_aranges  0x0000000000000000       0xc8
 .debug_aranges
                0x0000000000000000       0x20 .//libraries/src/stm32f10x_gpio.o
 .debug_aranges
                0x0000000000000020       0x20 .//libraries/src/stm32f10x_rcc.o
 .debug_aranges
                0x0000000000000040       0x20 .//user/src/main.o
 .debug_aranges
                0x0000000000000060       0x20 .//user/src/stm32f10x_it.o
 .debug_aranges
                0x0000000000000080       0x20 .//cmsis/src/system_stm32f10x.o
 .debug_aranges
                0x00000000000000a0       0x28 ./startup/startup_stm32f10x_hd.o

.debug_line     0x0000000000000000     0x1006
 .debug_line    0x0000000000000000      0x474 .//libraries/src/stm32f10x_gpio.o
 .debug_line    0x0000000000000474      0x541 .//libraries/src/stm32f10x_rcc.o
 .debug_line    0x00000000000009b5      0x1a4 .//user/src/main.o
 .debug_line    0x0000000000000b59      0x185 .//user/src/stm32f10x_it.o
 .debug_line    0x0000000000000cde      0x2ab .//cmsis/src/system_stm32f10x.o
 .debug_line    0x0000000000000f89       0x7d ./startup/startup_stm32f10x_hd.o

.debug_str      0x0000000000000000      0xac9
 .debug_str     0x0000000000000000      0x4cf .//libraries/src/stm32f10x_gpio.o
                                        0x51d (size before relaxing)
 .debug_str     0x00000000000004cf      0x42f .//libraries/src/stm32f10x_rcc.o
                                        0x61e (size before relaxing)
 .debug_str     0x00000000000008fe       0x28 .//user/src/main.o
                                        0x2c3 (size before relaxing)
 .debug_str     0x0000000000000926       0xa8 .//user/src/stm32f10x_it.o
                                        0x203 (size before relaxing)
 .debug_str     0x00000000000009ce       0xcc .//cmsis/src/system_stm32f10x.o
                                        0x2d0 (size before relaxing)
 .debug_str     0x0000000000000a9a       0x2f ./startup/startup_stm32f10x_hd.o
                                         0x4b (size before relaxing)

.comment        0x0000000000000000       0x76
 .comment       0x0000000000000000       0x76 .//libraries/src/stm32f10x_gpio.o
                                         0x77 (size before relaxing)
 .comment       0x0000000000000076       0x77 .//libraries/src/stm32f10x_rcc.o
 .comment       0x0000000000000076       0x77 .//user/src/main.o
 .comment       0x0000000000000076       0x77 .//user/src/stm32f10x_it.o
 .comment       0x0000000000000076       0x77 .//cmsis/src/system_stm32f10x.o

.debug_frame    0x0000000000000000      0x9c8
 .debug_frame   0x0000000000000000      0x2d0 .//libraries/src/stm32f10x_gpio.o
 .debug_frame   0x00000000000002d0      0x4f4 .//libraries/src/stm32f10x_rcc.o
 .debug_frame   0x00000000000007c4       0x30 .//user/src/main.o
 .debug_frame   0x00000000000007f4      0x110 .//user/src/stm32f10x_it.o
 .debug_frame   0x0000000000000904       0x98 .//cmsis/src/system_stm32f10x.o
 .debug_frame   0x000000000000099c       0x2c /Users/geekchun/Developerment/gcc-arm-none-eabi/bin/../lib/gcc/arm-none-eabi/8.3.1/../../../../arm-none-eabi/lib/thumb/v7-m/nofp/libc_nano.a(lib_a-init.o)

.debug_ranges   0x0000000000000000       0x20
 .debug_ranges  0x0000000000000000       0x20 ./startup/startup_stm32f10x_hd.o

Cross Reference Table

Symbol                                            File
ADC1_2_IRQHandler                                 ./startup/startup_stm32f10x_hd.o
ADC3_IRQHandler                                   ./startup/startup_stm32f10x_hd.o
ADC_AnalogWatchdogCmd                             .//libraries/src/stm32f10x_adc.o
ADC_AnalogWatchdogSingleChannelConfig             .//libraries/src/stm32f10x_adc.o
ADC_AnalogWatchdogThresholdsConfig                .//libraries/src/stm32f10x_adc.o
ADC_AutoInjectedConvCmd                           .//libraries/src/stm32f10x_adc.o
ADC_ClearFlag                                     .//libraries/src/stm32f10x_adc.o
ADC_ClearITPendingBit                             .//libraries/src/stm32f10x_adc.o
ADC_Cmd                                           .//libraries/src/stm32f10x_adc.o
ADC_DMACmd                                        .//libraries/src/stm32f10x_adc.o
ADC_DeInit                                        .//libraries/src/stm32f10x_adc.o
ADC_DiscModeChannelCountConfig                    .//libraries/src/stm32f10x_adc.o
ADC_DiscModeCmd                                   .//libraries/src/stm32f10x_adc.o
ADC_ExternalTrigConvCmd                           .//libraries/src/stm32f10x_adc.o
ADC_ExternalTrigInjectedConvCmd                   .//libraries/src/stm32f10x_adc.o
ADC_ExternalTrigInjectedConvConfig                .//libraries/src/stm32f10x_adc.o
ADC_GetCalibrationStatus                          .//libraries/src/stm32f10x_adc.o
ADC_GetConversionValue                            .//libraries/src/stm32f10x_adc.o
ADC_GetDualModeConversionValue                    .//libraries/src/stm32f10x_adc.o
ADC_GetFlagStatus                                 .//libraries/src/stm32f10x_adc.o
ADC_GetITStatus                                   .//libraries/src/stm32f10x_adc.o
ADC_GetInjectedConversionValue                    .//libraries/src/stm32f10x_adc.o
ADC_GetResetCalibrationStatus                     .//libraries/src/stm32f10x_adc.o
ADC_GetSoftwareStartConvStatus                    .//libraries/src/stm32f10x_adc.o
ADC_GetSoftwareStartInjectedConvCmdStatus         .//libraries/src/stm32f10x_adc.o
ADC_ITConfig                                      .//libraries/src/stm32f10x_adc.o
ADC_Init                                          .//libraries/src/stm32f10x_adc.o
ADC_InjectedChannelConfig                         .//libraries/src/stm32f10x_adc.o
ADC_InjectedDiscModeCmd                           .//libraries/src/stm32f10x_adc.o
ADC_InjectedSequencerLengthConfig                 .//libraries/src/stm32f10x_adc.o
ADC_RegularChannelConfig                          .//libraries/src/stm32f10x_adc.o
ADC_ResetCalibration                              .//libraries/src/stm32f10x_adc.o
ADC_SetInjectedOffset                             .//libraries/src/stm32f10x_adc.o
ADC_SoftwareStartConvCmd                          .//libraries/src/stm32f10x_adc.o
ADC_SoftwareStartInjectedConvCmd                  .//libraries/src/stm32f10x_adc.o
ADC_StartCalibration                              .//libraries/src/stm32f10x_adc.o
ADC_StructInit                                    .//libraries/src/stm32f10x_adc.o
ADC_TempSensorVrefintCmd                          .//libraries/src/stm32f10x_adc.o
AHBPrescTable                                     .//cmsis/src/system_stm32f10x.o
BKP_ClearFlag                                     .//libraries/src/stm32f10x_bkp.o
BKP_ClearITPendingBit                             .//libraries/src/stm32f10x_bkp.o
BKP_DeInit                                        .//libraries/src/stm32f10x_bkp.o
BKP_GetFlagStatus                                 .//libraries/src/stm32f10x_bkp.o
BKP_GetITStatus                                   .//libraries/src/stm32f10x_bkp.o
BKP_ITConfig                                      .//libraries/src/stm32f10x_bkp.o
BKP_RTCOutputConfig                               .//libraries/src/stm32f10x_bkp.o
BKP_ReadBackupRegister                            .//libraries/src/stm32f10x_bkp.o
BKP_SetRTCCalibrationValue                        .//libraries/src/stm32f10x_bkp.o
BKP_TamperPinCmd                                  .//libraries/src/stm32f10x_bkp.o
BKP_TamperPinLevelConfig                          .//libraries/src/stm32f10x_bkp.o
BKP_WriteBackupRegister                           .//libraries/src/stm32f10x_bkp.o
BusFault_Handler                                  .//user/src/stm32f10x_it.o
CAN1_RX1_IRQHandler                               ./startup/startup_stm32f10x_hd.o
CAN1_SCE_IRQHandler                               ./startup/startup_stm32f10x_hd.o
CAN_CancelTransmit                                .//libraries/src/stm32f10x_can.o
CAN_ClearFlag                                     .//libraries/src/stm32f10x_can.o
CAN_ClearITPendingBit                             .//libraries/src/stm32f10x_can.o
CAN_DBGFreeze                                     .//libraries/src/stm32f10x_can.o
CAN_DeInit                                        .//libraries/src/stm32f10x_can.o
CAN_FIFORelease                                   .//libraries/src/stm32f10x_can.o
CAN_FilterInit                                    .//libraries/src/stm32f10x_can.o
CAN_GetFlagStatus                                 .//libraries/src/stm32f10x_can.o
CAN_GetITStatus                                   .//libraries/src/stm32f10x_can.o
CAN_GetLSBTransmitErrorCounter                    .//libraries/src/stm32f10x_can.o
CAN_GetLastErrorCode                              .//libraries/src/stm32f10x_can.o
CAN_GetReceiveErrorCounter                        .//libraries/src/stm32f10x_can.o
CAN_ITConfig                                      .//libraries/src/stm32f10x_can.o
CAN_Init                                          .//libraries/src/stm32f10x_can.o
CAN_MessagePending                                .//libraries/src/stm32f10x_can.o
CAN_OperatingModeRequest                          .//libraries/src/stm32f10x_can.o
CAN_Receive                                       .//libraries/src/stm32f10x_can.o
CAN_SlaveStartBank                                .//libraries/src/stm32f10x_can.o
CAN_Sleep                                         .//libraries/src/stm32f10x_can.o
CAN_StructInit                                    .//libraries/src/stm32f10x_can.o
CAN_TTComModeCmd                                  .//libraries/src/stm32f10x_can.o
CAN_Transmit                                      .//libraries/src/stm32f10x_can.o
CAN_TransmitStatus                                .//libraries/src/stm32f10x_can.o
CAN_WakeUp                                        .//libraries/src/stm32f10x_can.o
CEC_ClearFlag                                     .//libraries/src/stm32f10x_cec.o
CEC_ClearITPendingBit                             .//libraries/src/stm32f10x_cec.o
CEC_Cmd                                           .//libraries/src/stm32f10x_cec.o
CEC_DeInit                                        .//libraries/src/stm32f10x_cec.o
CEC_EndOfMessageCmd                               .//libraries/src/stm32f10x_cec.o
CEC_GetFlagStatus                                 .//libraries/src/stm32f10x_cec.o
CEC_GetITStatus                                   .//libraries/src/stm32f10x_cec.o
CEC_ITConfig                                      .//libraries/src/stm32f10x_cec.o
CEC_Init                                          .//libraries/src/stm32f10x_cec.o
CEC_OwnAddressConfig                              .//libraries/src/stm32f10x_cec.o
CEC_ReceiveDataByte                               .//libraries/src/stm32f10x_cec.o
CEC_SendDataByte                                  .//libraries/src/stm32f10x_cec.o
CEC_SetPrescaler                                  .//libraries/src/stm32f10x_cec.o
CEC_StartOfMessage                                .//libraries/src/stm32f10x_cec.o
CRC_CalcBlockCRC                                  .//libraries/src/stm32f10x_crc.o
CRC_CalcCRC                                       .//libraries/src/stm32f10x_crc.o
CRC_GetCRC                                        .//libraries/src/stm32f10x_crc.o
CRC_GetIDRegister                                 .//libraries/src/stm32f10x_crc.o
CRC_ResetDR                                       .//libraries/src/stm32f10x_crc.o
CRC_SetIDRegister                                 .//libraries/src/stm32f10x_crc.o
DAC_Cmd                                           .//libraries/src/stm32f10x_dac.o
DAC_DMACmd                                        .//libraries/src/stm32f10x_dac.o
DAC_DeInit                                        .//libraries/src/stm32f10x_dac.o
DAC_DualSoftwareTriggerCmd                        .//libraries/src/stm32f10x_dac.o
DAC_GetDataOutputValue                            .//libraries/src/stm32f10x_dac.o
DAC_Init                                          .//libraries/src/stm32f10x_dac.o
DAC_SetChannel1Data                               .//libraries/src/stm32f10x_dac.o
DAC_SetChannel2Data                               .//libraries/src/stm32f10x_dac.o
DAC_SetDualChannelData                            .//libraries/src/stm32f10x_dac.o
DAC_SoftwareTriggerCmd                            .//libraries/src/stm32f10x_dac.o
DAC_StructInit                                    .//libraries/src/stm32f10x_dac.o
DAC_WaveGenerationCmd                             .//libraries/src/stm32f10x_dac.o
DBGMCU_Config                                     .//libraries/src/stm32f10x_dbgmcu.o
DBGMCU_GetDEVID                                   .//libraries/src/stm32f10x_dbgmcu.o
DBGMCU_GetREVID                                   .//libraries/src/stm32f10x_dbgmcu.o
DMA1_Channel1_IRQHandler                          ./startup/startup_stm32f10x_hd.o
DMA1_Channel2_IRQHandler                          ./startup/startup_stm32f10x_hd.o
DMA1_Channel3_IRQHandler                          ./startup/startup_stm32f10x_hd.o
DMA1_Channel4_IRQHandler                          ./startup/startup_stm32f10x_hd.o
DMA1_Channel5_IRQHandler                          ./startup/startup_stm32f10x_hd.o
DMA1_Channel6_IRQHandler                          ./startup/startup_stm32f10x_hd.o
DMA1_Channel7_IRQHandler                          ./startup/startup_stm32f10x_hd.o
DMA2_Channel1_IRQHandler                          ./startup/startup_stm32f10x_hd.o
DMA2_Channel2_IRQHandler                          ./startup/startup_stm32f10x_hd.o
DMA2_Channel3_IRQHandler                          ./startup/startup_stm32f10x_hd.o
DMA2_Channel4_5_IRQHandler                        ./startup/startup_stm32f10x_hd.o
DMA_ClearFlag                                     .//libraries/src/stm32f10x_dma.o
DMA_ClearITPendingBit                             .//libraries/src/stm32f10x_dma.o
DMA_Cmd                                           .//libraries/src/stm32f10x_dma.o
DMA_DeInit                                        .//libraries/src/stm32f10x_dma.o
DMA_GetCurrDataCounter                            .//libraries/src/stm32f10x_dma.o
DMA_GetFlagStatus                                 .//libraries/src/stm32f10x_dma.o
DMA_GetITStatus                                   .//libraries/src/stm32f10x_dma.o
DMA_ITConfig                                      .//libraries/src/stm32f10x_dma.o
DMA_Init                                          .//libraries/src/stm32f10x_dma.o
DMA_SetCurrDataCounter                            .//libraries/src/stm32f10x_dma.o
DMA_StructInit                                    .//libraries/src/stm32f10x_dma.o
DebugMon_Handler                                  .//user/src/stm32f10x_it.o
Default_Handler                                   ./startup/startup_stm32f10x_hd.o
EXTI0_IRQHandler                                  ./startup/startup_stm32f10x_hd.o
EXTI15_10_IRQHandler                              ./startup/startup_stm32f10x_hd.o
EXTI1_IRQHandler                                  ./startup/startup_stm32f10x_hd.o
EXTI2_IRQHandler                                  ./startup/startup_stm32f10x_hd.o
EXTI3_IRQHandler                                  ./startup/startup_stm32f10x_hd.o
EXTI4_IRQHandler                                  ./startup/startup_stm32f10x_hd.o
EXTI9_5_IRQHandler                                ./startup/startup_stm32f10x_hd.o
EXTI_ClearFlag                                    .//libraries/src/stm32f10x_exti.o
EXTI_ClearITPendingBit                            .//libraries/src/stm32f10x_exti.o
EXTI_DeInit                                       .//libraries/src/stm32f10x_exti.o
EXTI_GenerateSWInterrupt                          .//libraries/src/stm32f10x_exti.o
EXTI_GetFlagStatus                                .//libraries/src/stm32f10x_exti.o
EXTI_GetITStatus                                  .//libraries/src/stm32f10x_exti.o
EXTI_Init                                         .//libraries/src/stm32f10x_exti.o
EXTI_StructInit                                   .//libraries/src/stm32f10x_exti.o
FLASH_ClearFlag                                   .//libraries/src/stm32f10x_flash.o
FLASH_EnableWriteProtection                       .//libraries/src/stm32f10x_flash.o
FLASH_EraseAllBank1Pages                          .//libraries/src/stm32f10x_flash.o
FLASH_EraseAllPages                               .//libraries/src/stm32f10x_flash.o
FLASH_EraseOptionBytes                            .//libraries/src/stm32f10x_flash.o
FLASH_ErasePage                                   .//libraries/src/stm32f10x_flash.o
FLASH_GetBank1Status                              .//libraries/src/stm32f10x_flash.o
FLASH_GetFlagStatus                               .//libraries/src/stm32f10x_flash.o
FLASH_GetPrefetchBufferStatus                     .//libraries/src/stm32f10x_flash.o
FLASH_GetReadOutProtectionStatus                  .//libraries/src/stm32f10x_flash.o
FLASH_GetStatus                                   .//libraries/src/stm32f10x_flash.o
FLASH_GetUserOptionByte                           .//libraries/src/stm32f10x_flash.o
FLASH_GetWriteProtectionOptionByte                .//libraries/src/stm32f10x_flash.o
FLASH_HalfCycleAccessCmd                          .//libraries/src/stm32f10x_flash.o
FLASH_IRQHandler                                  ./startup/startup_stm32f10x_hd.o
FLASH_ITConfig                                    .//libraries/src/stm32f10x_flash.o
FLASH_Lock                                        .//libraries/src/stm32f10x_flash.o
FLASH_LockBank1                                   .//libraries/src/stm32f10x_flash.o
FLASH_PrefetchBufferCmd                           .//libraries/src/stm32f10x_flash.o
FLASH_ProgramHalfWord                             .//libraries/src/stm32f10x_flash.o
FLASH_ProgramOptionByteData                       .//libraries/src/stm32f10x_flash.o
FLASH_ProgramWord                                 .//libraries/src/stm32f10x_flash.o
FLASH_ReadOutProtection                           .//libraries/src/stm32f10x_flash.o
FLASH_SetLatency                                  .//libraries/src/stm32f10x_flash.o
FLASH_Unlock                                      .//libraries/src/stm32f10x_flash.o
FLASH_UnlockBank1                                 .//libraries/src/stm32f10x_flash.o
FLASH_UserOptionByteConfig                        .//libraries/src/stm32f10x_flash.o
FLASH_WaitForLastBank1Operation                   .//libraries/src/stm32f10x_flash.o
FLASH_WaitForLastOperation                        .//libraries/src/stm32f10x_flash.o
FSMC_ClearFlag                                    .//libraries/src/stm32f10x_fsmc.o
FSMC_ClearITPendingBit                            .//libraries/src/stm32f10x_fsmc.o
FSMC_GetECC                                       .//libraries/src/stm32f10x_fsmc.o
FSMC_GetFlagStatus                                .//libraries/src/stm32f10x_fsmc.o
FSMC_GetITStatus                                  .//libraries/src/stm32f10x_fsmc.o
FSMC_IRQHandler                                   ./startup/startup_stm32f10x_hd.o
FSMC_ITConfig                                     .//libraries/src/stm32f10x_fsmc.o
FSMC_NANDCmd                                      .//libraries/src/stm32f10x_fsmc.o
FSMC_NANDDeInit                                   .//libraries/src/stm32f10x_fsmc.o
FSMC_NANDECCCmd                                   .//libraries/src/stm32f10x_fsmc.o
FSMC_NANDInit                                     .//libraries/src/stm32f10x_fsmc.o
FSMC_NANDStructInit                               .//libraries/src/stm32f10x_fsmc.o
FSMC_NORSRAMCmd                                   .//libraries/src/stm32f10x_fsmc.o
FSMC_NORSRAMDeInit                                .//libraries/src/stm32f10x_fsmc.o
FSMC_NORSRAMInit                                  .//libraries/src/stm32f10x_fsmc.o
FSMC_NORSRAMStructInit                            .//libraries/src/stm32f10x_fsmc.o
FSMC_PCCARDCmd                                    .//libraries/src/stm32f10x_fsmc.o
FSMC_PCCARDDeInit                                 .//libraries/src/stm32f10x_fsmc.o
FSMC_PCCARDInit                                   .//libraries/src/stm32f10x_fsmc.o
FSMC_PCCARDStructInit                             .//libraries/src/stm32f10x_fsmc.o
GPIO_AFIODeInit                                   .//libraries/src/stm32f10x_gpio.o
GPIO_DeInit                                       .//libraries/src/stm32f10x_gpio.o
GPIO_ETH_MediaInterfaceConfig                     .//libraries/src/stm32f10x_gpio.o
GPIO_EXTILineConfig                               .//libraries/src/stm32f10x_gpio.o
GPIO_EventOutputCmd                               .//libraries/src/stm32f10x_gpio.o
GPIO_EventOutputConfig                            .//libraries/src/stm32f10x_gpio.o
GPIO_Init                                         .//libraries/src/stm32f10x_gpio.o
                                                  .//user/src/main.o
GPIO_PinLockConfig                                .//libraries/src/stm32f10x_gpio.o
GPIO_PinRemapConfig                               .//libraries/src/stm32f10x_gpio.o
GPIO_ReadInputData                                .//libraries/src/stm32f10x_gpio.o
GPIO_ReadInputDataBit                             .//libraries/src/stm32f10x_gpio.o
GPIO_ReadOutputData                               .//libraries/src/stm32f10x_gpio.o
GPIO_ReadOutputDataBit                            .//libraries/src/stm32f10x_gpio.o
GPIO_ResetBits                                    .//libraries/src/stm32f10x_gpio.o
                                                  .//user/src/main.o
GPIO_SetBits                                      .//libraries/src/stm32f10x_gpio.o
GPIO_StructInit                                   .//libraries/src/stm32f10x_gpio.o
GPIO_Write                                        .//libraries/src/stm32f10x_gpio.o
GPIO_WriteBit                                     .//libraries/src/stm32f10x_gpio.o
HardFault_Handler                                 .//user/src/stm32f10x_it.o
I2C1_ER_IRQHandler                                ./startup/startup_stm32f10x_hd.o
I2C1_EV_IRQHandler                                ./startup/startup_stm32f10x_hd.o
I2C2_ER_IRQHandler                                ./startup/startup_stm32f10x_hd.o
I2C2_EV_IRQHandler                                ./startup/startup_stm32f10x_hd.o
I2C_ARPCmd                                        .//libraries/src/stm32f10x_i2c.o
I2C_AcknowledgeConfig                             .//libraries/src/stm32f10x_i2c.o
I2C_CalculatePEC                                  .//libraries/src/stm32f10x_i2c.o
I2C_CheckEvent                                    .//libraries/src/stm32f10x_i2c.o
I2C_ClearFlag                                     .//libraries/src/stm32f10x_i2c.o
I2C_ClearITPendingBit                             .//libraries/src/stm32f10x_i2c.o
I2C_Cmd                                           .//libraries/src/stm32f10x_i2c.o
I2C_DMACmd                                        .//libraries/src/stm32f10x_i2c.o
I2C_DMALastTransferCmd                            .//libraries/src/stm32f10x_i2c.o
I2C_DeInit                                        .//libraries/src/stm32f10x_i2c.o
I2C_DualAddressCmd                                .//libraries/src/stm32f10x_i2c.o
I2C_FastModeDutyCycleConfig                       .//libraries/src/stm32f10x_i2c.o
I2C_GeneralCallCmd                                .//libraries/src/stm32f10x_i2c.o
I2C_GenerateSTART                                 .//libraries/src/stm32f10x_i2c.o
I2C_GenerateSTOP                                  .//libraries/src/stm32f10x_i2c.o
I2C_GetFlagStatus                                 .//libraries/src/stm32f10x_i2c.o
I2C_GetITStatus                                   .//libraries/src/stm32f10x_i2c.o
I2C_GetLastEvent                                  .//libraries/src/stm32f10x_i2c.o
I2C_GetPEC                                        .//libraries/src/stm32f10x_i2c.o
I2C_ITConfig                                      .//libraries/src/stm32f10x_i2c.o
I2C_Init                                          .//libraries/src/stm32f10x_i2c.o
I2C_NACKPositionConfig                            .//libraries/src/stm32f10x_i2c.o
I2C_OwnAddress2Config                             .//libraries/src/stm32f10x_i2c.o
I2C_PECPositionConfig                             .//libraries/src/stm32f10x_i2c.o
I2C_ReadRegister                                  .//libraries/src/stm32f10x_i2c.o
I2C_ReceiveData                                   .//libraries/src/stm32f10x_i2c.o
I2C_SMBusAlertConfig                              .//libraries/src/stm32f10x_i2c.o
I2C_Send7bitAddress                               .//libraries/src/stm32f10x_i2c.o
I2C_SendData                                      .//libraries/src/stm32f10x_i2c.o
I2C_SoftwareResetCmd                              .//libraries/src/stm32f10x_i2c.o
I2C_StretchClockCmd                               .//libraries/src/stm32f10x_i2c.o
I2C_StructInit                                    .//libraries/src/stm32f10x_i2c.o
I2C_TransmitPEC                                   .//libraries/src/stm32f10x_i2c.o
I2S_Cmd                                           .//libraries/src/stm32f10x_spi.o
I2S_Init                                          .//libraries/src/stm32f10x_spi.o
I2S_StructInit                                    .//libraries/src/stm32f10x_spi.o
IWDG_Enable                                       .//libraries/src/stm32f10x_iwdg.o
IWDG_GetFlagStatus                                .//libraries/src/stm32f10x_iwdg.o
IWDG_ReloadCounter                                .//libraries/src/stm32f10x_iwdg.o
IWDG_SetPrescaler                                 .//libraries/src/stm32f10x_iwdg.o
IWDG_SetReload                                    .//libraries/src/stm32f10x_iwdg.o
IWDG_WriteAccessCmd                               .//libraries/src/stm32f10x_iwdg.o
MemManage_Handler                                 .//user/src/stm32f10x_it.o
NMI_Handler                                       .//user/src/stm32f10x_it.o
NVIC_Init                                         .//libraries/src/misc.o
NVIC_PriorityGroupConfig                          .//libraries/src/misc.o
NVIC_SetVectorTable                               .//libraries/src/misc.o
NVIC_SystemLPConfig                               .//libraries/src/misc.o
PVD_IRQHandler                                    ./startup/startup_stm32f10x_hd.o
PWR_BackupAccessCmd                               .//libraries/src/stm32f10x_pwr.o
PWR_ClearFlag                                     .//libraries/src/stm32f10x_pwr.o
PWR_DeInit                                        .//libraries/src/stm32f10x_pwr.o
PWR_EnterSTANDBYMode                              .//libraries/src/stm32f10x_pwr.o
PWR_EnterSTOPMode                                 .//libraries/src/stm32f10x_pwr.o
PWR_GetFlagStatus                                 .//libraries/src/stm32f10x_pwr.o
PWR_PVDCmd                                        .//libraries/src/stm32f10x_pwr.o
PWR_PVDLevelConfig                                .//libraries/src/stm32f10x_pwr.o
PWR_WakeUpPinCmd                                  .//libraries/src/stm32f10x_pwr.o
PendSV_Handler                                    .//user/src/stm32f10x_it.o
RCC_ADCCLKConfig                                  .//libraries/src/stm32f10x_rcc.o
RCC_AHBPeriphClockCmd                             .//libraries/src/stm32f10x_rcc.o
RCC_APB1PeriphClockCmd                            .//libraries/src/stm32f10x_rcc.o
RCC_APB1PeriphResetCmd                            .//libraries/src/stm32f10x_rcc.o
                                                  .//libraries/src/stm32f10x_i2c.o
                                                  .//libraries/src/stm32f10x_tim.o
                                                  .//libraries/src/stm32f10x_spi.o
                                                  .//libraries/src/stm32f10x_can.o
                                                  .//libraries/src/stm32f10x_wwdg.o
                                                  .//libraries/src/stm32f10x_dac.o
                                                  .//libraries/src/stm32f10x_pwr.o
                                                  .//libraries/src/stm32f10x_usart.o
                                                  .//libraries/src/stm32f10x_cec.o
RCC_APB2PeriphClockCmd                            .//libraries/src/stm32f10x_rcc.o
                                                  .//user/src/main.o
RCC_APB2PeriphResetCmd                            .//libraries/src/stm32f10x_rcc.o
                                                  .//libraries/src/stm32f10x_tim.o
                                                  .//libraries/src/stm32f10x_spi.o
                                                  .//libraries/src/stm32f10x_gpio.o
                                                  .//libraries/src/stm32f10x_adc.o
                                                  .//libraries/src/stm32f10x_usart.o
RCC_AdjustHSICalibrationValue                     .//libraries/src/stm32f10x_rcc.o
RCC_BackupResetCmd                                .//libraries/src/stm32f10x_rcc.o
                                                  .//libraries/src/stm32f10x_bkp.o
RCC_ClearFlag                                     .//libraries/src/stm32f10x_rcc.o
RCC_ClearITPendingBit                             .//libraries/src/stm32f10x_rcc.o
RCC_ClockSecuritySystemCmd                        .//libraries/src/stm32f10x_rcc.o
RCC_DeInit                                        .//libraries/src/stm32f10x_rcc.o
RCC_GetClocksFreq                                 .//libraries/src/stm32f10x_rcc.o
                                                  .//libraries/src/stm32f10x_i2c.o
                                                  .//libraries/src/stm32f10x_spi.o
                                                  .//libraries/src/stm32f10x_usart.o
RCC_GetFlagStatus                                 .//libraries/src/stm32f10x_rcc.o
RCC_GetITStatus                                   .//libraries/src/stm32f10x_rcc.o
RCC_GetSYSCLKSource                               .//libraries/src/stm32f10x_rcc.o
RCC_HCLKConfig                                    .//libraries/src/stm32f10x_rcc.o
RCC_HSEConfig                                     .//libraries/src/stm32f10x_rcc.o
RCC_HSICmd                                        .//libraries/src/stm32f10x_rcc.o
RCC_IRQHandler                                    ./startup/startup_stm32f10x_hd.o
RCC_ITConfig                                      .//libraries/src/stm32f10x_rcc.o
RCC_LSEConfig                                     .//libraries/src/stm32f10x_rcc.o
RCC_LSICmd                                        .//libraries/src/stm32f10x_rcc.o
RCC_MCOConfig                                     .//libraries/src/stm32f10x_rcc.o
RCC_PCLK1Config                                   .//libraries/src/stm32f10x_rcc.o
RCC_PCLK2Config                                   .//libraries/src/stm32f10x_rcc.o
RCC_PLLCmd                                        .//libraries/src/stm32f10x_rcc.o
RCC_PLLConfig                                     .//libraries/src/stm32f10x_rcc.o
RCC_RTCCLKCmd                                     .//libraries/src/stm32f10x_rcc.o
RCC_RTCCLKConfig                                  .//libraries/src/stm32f10x_rcc.o
RCC_SYSCLKConfig                                  .//libraries/src/stm32f10x_rcc.o
RCC_USBCLKConfig                                  .//libraries/src/stm32f10x_rcc.o
RCC_WaitForHSEStartUp                             .//libraries/src/stm32f10x_rcc.o
RTCAlarm_IRQHandler                               ./startup/startup_stm32f10x_hd.o
RTC_ClearFlag                                     .//libraries/src/stm32f10x_rtc.o
RTC_ClearITPendingBit                             .//libraries/src/stm32f10x_rtc.o
RTC_EnterConfigMode                               .//libraries/src/stm32f10x_rtc.o
RTC_ExitConfigMode                                .//libraries/src/stm32f10x_rtc.o
RTC_GetCounter                                    .//libraries/src/stm32f10x_rtc.o
RTC_GetDivider                                    .//libraries/src/stm32f10x_rtc.o
RTC_GetFlagStatus                                 .//libraries/src/stm32f10x_rtc.o
RTC_GetITStatus                                   .//libraries/src/stm32f10x_rtc.o
RTC_IRQHandler                                    ./startup/startup_stm32f10x_hd.o
RTC_ITConfig                                      .//libraries/src/stm32f10x_rtc.o
RTC_SetAlarm                                      .//libraries/src/stm32f10x_rtc.o
RTC_SetCounter                                    .//libraries/src/stm32f10x_rtc.o
RTC_SetPrescaler                                  .//libraries/src/stm32f10x_rtc.o
RTC_WaitForLastTask                               .//libraries/src/stm32f10x_rtc.o
RTC_WaitForSynchro                                .//libraries/src/stm32f10x_rtc.o
Reset_Handler                                     ./startup/startup_stm32f10x_hd.o
SDIO_CEATAITCmd                                   .//libraries/src/stm32f10x_sdio.o
SDIO_ClearFlag                                    .//libraries/src/stm32f10x_sdio.o
SDIO_ClearITPendingBit                            .//libraries/src/stm32f10x_sdio.o
SDIO_ClockCmd                                     .//libraries/src/stm32f10x_sdio.o
SDIO_CmdStructInit                                .//libraries/src/stm32f10x_sdio.o
SDIO_CommandCompletionCmd                         .//libraries/src/stm32f10x_sdio.o
SDIO_DMACmd                                       .//libraries/src/stm32f10x_sdio.o
SDIO_DataConfig                                   .//libraries/src/stm32f10x_sdio.o
SDIO_DataStructInit                               .//libraries/src/stm32f10x_sdio.o
SDIO_DeInit                                       .//libraries/src/stm32f10x_sdio.o
SDIO_GetCommandResponse                           .//libraries/src/stm32f10x_sdio.o
SDIO_GetDataCounter                               .//libraries/src/stm32f10x_sdio.o
SDIO_GetFIFOCount                                 .//libraries/src/stm32f10x_sdio.o
SDIO_GetFlagStatus                                .//libraries/src/stm32f10x_sdio.o
SDIO_GetITStatus                                  .//libraries/src/stm32f10x_sdio.o
SDIO_GetPowerState                                .//libraries/src/stm32f10x_sdio.o
SDIO_GetResponse                                  .//libraries/src/stm32f10x_sdio.o
SDIO_IRQHandler                                   ./startup/startup_stm32f10x_hd.o
SDIO_ITConfig                                     .//libraries/src/stm32f10x_sdio.o
SDIO_Init                                         .//libraries/src/stm32f10x_sdio.o
SDIO_ReadData                                     .//libraries/src/stm32f10x_sdio.o
SDIO_SendCEATACmd                                 .//libraries/src/stm32f10x_sdio.o
SDIO_SendCommand                                  .//libraries/src/stm32f10x_sdio.o
SDIO_SendSDIOSuspendCmd                           .//libraries/src/stm32f10x_sdio.o
SDIO_SetPowerState                                .//libraries/src/stm32f10x_sdio.o
SDIO_SetSDIOOperation                             .//libraries/src/stm32f10x_sdio.o
SDIO_SetSDIOReadWaitMode                          .//libraries/src/stm32f10x_sdio.o
SDIO_StartSDIOReadWait                            .//libraries/src/stm32f10x_sdio.o
SDIO_StopSDIOReadWait                             .//libraries/src/stm32f10x_sdio.o
SDIO_StructInit                                   .//libraries/src/stm32f10x_sdio.o
SDIO_WriteData                                    .//libraries/src/stm32f10x_sdio.o
SPI1_IRQHandler                                   ./startup/startup_stm32f10x_hd.o
SPI2_IRQHandler                                   ./startup/startup_stm32f10x_hd.o
SPI3_IRQHandler                                   ./startup/startup_stm32f10x_hd.o
SPI_BiDirectionalLineConfig                       .//libraries/src/stm32f10x_spi.o
SPI_CalculateCRC                                  .//libraries/src/stm32f10x_spi.o
SPI_Cmd                                           .//libraries/src/stm32f10x_spi.o
SPI_DataSizeConfig                                .//libraries/src/stm32f10x_spi.o
SPI_GetCRC                                        .//libraries/src/stm32f10x_spi.o
SPI_GetCRCPolynomial                              .//libraries/src/stm32f10x_spi.o
SPI_I2S_ClearFlag                                 .//libraries/src/stm32f10x_spi.o
SPI_I2S_ClearITPendingBit                         .//libraries/src/stm32f10x_spi.o
SPI_I2S_DMACmd                                    .//libraries/src/stm32f10x_spi.o
SPI_I2S_DeInit                                    .//libraries/src/stm32f10x_spi.o
SPI_I2S_GetFlagStatus                             .//libraries/src/stm32f10x_spi.o
SPI_I2S_GetITStatus                               .//libraries/src/stm32f10x_spi.o
SPI_I2S_ITConfig                                  .//libraries/src/stm32f10x_spi.o
SPI_I2S_ReceiveData                               .//libraries/src/stm32f10x_spi.o
SPI_I2S_SendData                                  .//libraries/src/stm32f10x_spi.o
SPI_Init                                          .//libraries/src/stm32f10x_spi.o
SPI_NSSInternalSoftwareConfig                     .//libraries/src/stm32f10x_spi.o
SPI_SSOutputCmd                                   .//libraries/src/stm32f10x_spi.o
SPI_StructInit                                    .//libraries/src/stm32f10x_spi.o
SPI_TransmitCRC                                   .//libraries/src/stm32f10x_spi.o
SVC_Handler                                       .//user/src/stm32f10x_it.o
SysTick_CLKSourceConfig                           .//libraries/src/misc.o
SysTick_Handler                                   .//user/src/stm32f10x_it.o
SystemCoreClock                                   .//cmsis/src/system_stm32f10x.o
SystemCoreClockUpdate                             .//cmsis/src/system_stm32f10x.o
SystemInit                                        .//cmsis/src/system_stm32f10x.o
                                                  ./startup/startup_stm32f10x_hd.o
TAMPER_IRQHandler                                 ./startup/startup_stm32f10x_hd.o
TIM1_BRK_IRQHandler                               ./startup/startup_stm32f10x_hd.o
TIM1_CC_IRQHandler                                ./startup/startup_stm32f10x_hd.o
TIM1_TRG_COM_IRQHandler                           ./startup/startup_stm32f10x_hd.o
TIM1_UP_IRQHandler                                ./startup/startup_stm32f10x_hd.o
TIM2_IRQHandler                                   ./startup/startup_stm32f10x_hd.o
TIM3_IRQHandler                                   ./startup/startup_stm32f10x_hd.o
TIM4_IRQHandler                                   ./startup/startup_stm32f10x_hd.o
TIM5_IRQHandler                                   ./startup/startup_stm32f10x_hd.o
TIM6_IRQHandler                                   ./startup/startup_stm32f10x_hd.o
TIM7_IRQHandler                                   ./startup/startup_stm32f10x_hd.o
TIM8_BRK_IRQHandler                               ./startup/startup_stm32f10x_hd.o
TIM8_CC_IRQHandler                                ./startup/startup_stm32f10x_hd.o
TIM8_TRG_COM_IRQHandler                           ./startup/startup_stm32f10x_hd.o
TIM8_UP_IRQHandler                                ./startup/startup_stm32f10x_hd.o
TIM_ARRPreloadConfig                              .//libraries/src/stm32f10x_tim.o
TIM_BDTRConfig                                    .//libraries/src/stm32f10x_tim.o
TIM_BDTRStructInit                                .//libraries/src/stm32f10x_tim.o
TIM_CCPreloadControl                              .//libraries/src/stm32f10x_tim.o
TIM_CCxCmd                                        .//libraries/src/stm32f10x_tim.o
TIM_CCxNCmd                                       .//libraries/src/stm32f10x_tim.o
TIM_ClearFlag                                     .//libraries/src/stm32f10x_tim.o
TIM_ClearITPendingBit                             .//libraries/src/stm32f10x_tim.o
TIM_ClearOC1Ref                                   .//libraries/src/stm32f10x_tim.o
TIM_ClearOC2Ref                                   .//libraries/src/stm32f10x_tim.o
TIM_ClearOC3Ref                                   .//libraries/src/stm32f10x_tim.o
TIM_ClearOC4Ref                                   .//libraries/src/stm32f10x_tim.o
TIM_Cmd                                           .//libraries/src/stm32f10x_tim.o
TIM_CounterModeConfig                             .//libraries/src/stm32f10x_tim.o
TIM_CtrlPWMOutputs                                .//libraries/src/stm32f10x_tim.o
TIM_DMACmd                                        .//libraries/src/stm32f10x_tim.o
TIM_DMAConfig                                     .//libraries/src/stm32f10x_tim.o
TIM_DeInit                                        .//libraries/src/stm32f10x_tim.o
TIM_ETRClockMode1Config                           .//libraries/src/stm32f10x_tim.o
TIM_ETRClockMode2Config                           .//libraries/src/stm32f10x_tim.o
TIM_ETRConfig                                     .//libraries/src/stm32f10x_tim.o
TIM_EncoderInterfaceConfig                        .//libraries/src/stm32f10x_tim.o
TIM_ForcedOC1Config                               .//libraries/src/stm32f10x_tim.o
TIM_ForcedOC2Config                               .//libraries/src/stm32f10x_tim.o
TIM_ForcedOC3Config                               .//libraries/src/stm32f10x_tim.o
TIM_ForcedOC4Config                               .//libraries/src/stm32f10x_tim.o
TIM_GenerateEvent                                 .//libraries/src/stm32f10x_tim.o
TIM_GetCapture1                                   .//libraries/src/stm32f10x_tim.o
TIM_GetCapture2                                   .//libraries/src/stm32f10x_tim.o
TIM_GetCapture3                                   .//libraries/src/stm32f10x_tim.o
TIM_GetCapture4                                   .//libraries/src/stm32f10x_tim.o
TIM_GetCounter                                    .//libraries/src/stm32f10x_tim.o
TIM_GetFlagStatus                                 .//libraries/src/stm32f10x_tim.o
TIM_GetITStatus                                   .//libraries/src/stm32f10x_tim.o
TIM_GetPrescaler                                  .//libraries/src/stm32f10x_tim.o
TIM_ICInit                                        .//libraries/src/stm32f10x_tim.o
TIM_ICStructInit                                  .//libraries/src/stm32f10x_tim.o
TIM_ITConfig                                      .//libraries/src/stm32f10x_tim.o
TIM_ITRxExternalClockConfig                       .//libraries/src/stm32f10x_tim.o
TIM_InternalClockConfig                           .//libraries/src/stm32f10x_tim.o
TIM_OC1FastConfig                                 .//libraries/src/stm32f10x_tim.o
TIM_OC1Init                                       .//libraries/src/stm32f10x_tim.o
TIM_OC1NPolarityConfig                            .//libraries/src/stm32f10x_tim.o
TIM_OC1PolarityConfig                             .//libraries/src/stm32f10x_tim.o
TIM_OC1PreloadConfig                              .//libraries/src/stm32f10x_tim.o
TIM_OC2FastConfig                                 .//libraries/src/stm32f10x_tim.o
TIM_OC2Init                                       .//libraries/src/stm32f10x_tim.o
TIM_OC2NPolarityConfig                            .//libraries/src/stm32f10x_tim.o
TIM_OC2PolarityConfig                             .//libraries/src/stm32f10x_tim.o
TIM_OC2PreloadConfig                              .//libraries/src/stm32f10x_tim.o
TIM_OC3FastConfig                                 .//libraries/src/stm32f10x_tim.o
TIM_OC3Init                                       .//libraries/src/stm32f10x_tim.o
TIM_OC3NPolarityConfig                            .//libraries/src/stm32f10x_tim.o
TIM_OC3PolarityConfig                             .//libraries/src/stm32f10x_tim.o
TIM_OC3PreloadConfig                              .//libraries/src/stm32f10x_tim.o
TIM_OC4FastConfig                                 .//libraries/src/stm32f10x_tim.o
TIM_OC4Init                                       .//libraries/src/stm32f10x_tim.o
TIM_OC4PolarityConfig                             .//libraries/src/stm32f10x_tim.o
TIM_OC4PreloadConfig                              .//libraries/src/stm32f10x_tim.o
TIM_OCStructInit                                  .//libraries/src/stm32f10x_tim.o
TIM_PWMIConfig                                    .//libraries/src/stm32f10x_tim.o
TIM_PrescalerConfig                               .//libraries/src/stm32f10x_tim.o
TIM_SelectCCDMA                                   .//libraries/src/stm32f10x_tim.o
TIM_SelectCOM                                     .//libraries/src/stm32f10x_tim.o
TIM_SelectHallSensor                              .//libraries/src/stm32f10x_tim.o
TIM_SelectInputTrigger                            .//libraries/src/stm32f10x_tim.o
TIM_SelectMasterSlaveMode                         .//libraries/src/stm32f10x_tim.o
TIM_SelectOCxM                                    .//libraries/src/stm32f10x_tim.o
TIM_SelectOnePulseMode                            .//libraries/src/stm32f10x_tim.o
TIM_SelectOutputTrigger                           .//libraries/src/stm32f10x_tim.o
TIM_SelectSlaveMode                               .//libraries/src/stm32f10x_tim.o
TIM_SetAutoreload                                 .//libraries/src/stm32f10x_tim.o
TIM_SetClockDivision                              .//libraries/src/stm32f10x_tim.o
TIM_SetCompare1                                   .//libraries/src/stm32f10x_tim.o
TIM_SetCompare2                                   .//libraries/src/stm32f10x_tim.o
TIM_SetCompare3                                   .//libraries/src/stm32f10x_tim.o
TIM_SetCompare4                                   .//libraries/src/stm32f10x_tim.o
TIM_SetCounter                                    .//libraries/src/stm32f10x_tim.o
TIM_SetIC1Prescaler                               .//libraries/src/stm32f10x_tim.o
TIM_SetIC2Prescaler                               .//libraries/src/stm32f10x_tim.o
TIM_SetIC3Prescaler                               .//libraries/src/stm32f10x_tim.o
TIM_SetIC4Prescaler                               .//libraries/src/stm32f10x_tim.o
TIM_TIxExternalClockConfig                        .//libraries/src/stm32f10x_tim.o
TIM_TimeBaseInit                                  .//libraries/src/stm32f10x_tim.o
TIM_TimeBaseStructInit                            .//libraries/src/stm32f10x_tim.o
TIM_UpdateDisableConfig                           .//libraries/src/stm32f10x_tim.o
TIM_UpdateRequestConfig                           .//libraries/src/stm32f10x_tim.o
UART4_IRQHandler                                  ./startup/startup_stm32f10x_hd.o
UART5_IRQHandler                                  ./startup/startup_stm32f10x_hd.o
USART1_IRQHandler                                 ./startup/startup_stm32f10x_hd.o
USART2_IRQHandler                                 ./startup/startup_stm32f10x_hd.o
USART3_IRQHandler                                 ./startup/startup_stm32f10x_hd.o
USART_ClearFlag                                   .//libraries/src/stm32f10x_usart.o
USART_ClearITPendingBit                           .//libraries/src/stm32f10x_usart.o
USART_ClockInit                                   .//libraries/src/stm32f10x_usart.o
USART_ClockStructInit                             .//libraries/src/stm32f10x_usart.o
USART_Cmd                                         .//libraries/src/stm32f10x_usart.o
USART_DMACmd                                      .//libraries/src/stm32f10x_usart.o
USART_DeInit                                      .//libraries/src/stm32f10x_usart.o
USART_GetFlagStatus                               .//libraries/src/stm32f10x_usart.o
USART_GetITStatus                                 .//libraries/src/stm32f10x_usart.o
USART_HalfDuplexCmd                               .//libraries/src/stm32f10x_usart.o
USART_ITConfig                                    .//libraries/src/stm32f10x_usart.o
USART_Init                                        .//libraries/src/stm32f10x_usart.o
USART_IrDACmd                                     .//libraries/src/stm32f10x_usart.o
USART_IrDAConfig                                  .//libraries/src/stm32f10x_usart.o
USART_LINBreakDetectLengthConfig                  .//libraries/src/stm32f10x_usart.o
USART_LINCmd                                      .//libraries/src/stm32f10x_usart.o
USART_OneBitMethodCmd                             .//libraries/src/stm32f10x_usart.o
USART_OverSampling8Cmd                            .//libraries/src/stm32f10x_usart.o
USART_ReceiveData                                 .//libraries/src/stm32f10x_usart.o
USART_ReceiverWakeUpCmd                           .//libraries/src/stm32f10x_usart.o
USART_SendBreak                                   .//libraries/src/stm32f10x_usart.o
USART_SendData                                    .//libraries/src/stm32f10x_usart.o
USART_SetAddress                                  .//libraries/src/stm32f10x_usart.o
USART_SetGuardTime                                .//libraries/src/stm32f10x_usart.o
USART_SetPrescaler                                .//libraries/src/stm32f10x_usart.o
USART_SmartCardCmd                                .//libraries/src/stm32f10x_usart.o
USART_SmartCardNACKCmd                            .//libraries/src/stm32f10x_usart.o
USART_StructInit                                  .//libraries/src/stm32f10x_usart.o
USART_WakeUpConfig                                .//libraries/src/stm32f10x_usart.o
USBWakeUp_IRQHandler                              ./startup/startup_stm32f10x_hd.o
USB_HP_CAN1_TX_IRQHandler                         ./startup/startup_stm32f10x_hd.o
USB_LP_CAN1_RX0_IRQHandler                        ./startup/startup_stm32f10x_hd.o
UsageFault_Handler                                .//user/src/stm32f10x_it.o
WWDG_ClearFlag                                    .//libraries/src/stm32f10x_wwdg.o
WWDG_DeInit                                       .//libraries/src/stm32f10x_wwdg.o
WWDG_Enable                                       .//libraries/src/stm32f10x_wwdg.o
WWDG_EnableIT                                     .//libraries/src/stm32f10x_wwdg.o
WWDG_GetFlagStatus                                .//libraries/src/stm32f10x_wwdg.o
WWDG_IRQHandler                                   ./startup/startup_stm32f10x_hd.o
WWDG_SetCounter                                   .//libraries/src/stm32f10x_wwdg.o
WWDG_SetPrescaler                                 .//libraries/src/stm32f10x_wwdg.o
WWDG_SetWindowValue                               .//libraries/src/stm32f10x_wwdg.o
__bss_end__                                       /Users/geekchun/Developerment/gcc-arm-none-eabi/bin/../lib/gcc/arm-none-eabi/8.3.1/../../../../arm-none-eabi/lib/thumb/v7-m/nofp/crt0.o
__bss_start__                                     /Users/geekchun/Developerment/gcc-arm-none-eabi/bin/../lib/gcc/arm-none-eabi/8.3.1/../../../../arm-none-eabi/lib/thumb/v7-m/nofp/crt0.o
__call_exitprocs                                  /Users/geekchun/Developerment/gcc-arm-none-eabi/bin/../lib/gcc/arm-none-eabi/8.3.1/../../../../arm-none-eabi/lib/thumb/v7-m/nofp/libc_nano.a(lib_a-exit.o)
__deregister_frame_info                           /Users/geekchun/Developerment/gcc-arm-none-eabi/bin/../lib/gcc/arm-none-eabi/8.3.1/thumb/v7-m/nofp/crtbegin.o
__dso_handle                                      /Users/geekchun/Developerment/gcc-arm-none-eabi/bin/../lib/gcc/arm-none-eabi/8.3.1/thumb/v7-m/nofp/crtbegin.o
__init_array_end                                  /Users/geekchun/Developerment/gcc-arm-none-eabi/bin/../lib/gcc/arm-none-eabi/8.3.1/../../../../arm-none-eabi/lib/thumb/v7-m/nofp/libc_nano.a(lib_a-init.o)
__init_array_start                                /Users/geekchun/Developerment/gcc-arm-none-eabi/bin/../lib/gcc/arm-none-eabi/8.3.1/../../../../arm-none-eabi/lib/thumb/v7-m/nofp/libc_nano.a(lib_a-init.o)
__libc_fini_array                                 /Users/geekchun/Developerment/gcc-arm-none-eabi/bin/../lib/gcc/arm-none-eabi/8.3.1/../../../../arm-none-eabi/lib/thumb/v7-m/nofp/crt0.o
__libc_init_array                                 /Users/geekchun/Developerment/gcc-arm-none-eabi/bin/../lib/gcc/arm-none-eabi/8.3.1/../../../../arm-none-eabi/lib/thumb/v7-m/nofp/libc_nano.a(lib_a-init.o)
                                                  ./startup/startup_stm32f10x_hd.o
                                                  /Users/geekchun/Developerment/gcc-arm-none-eabi/bin/../lib/gcc/arm-none-eabi/8.3.1/../../../../arm-none-eabi/lib/thumb/v7-m/nofp/crt0.o
__preinit_array_end                               /Users/geekchun/Developerment/gcc-arm-none-eabi/bin/../lib/gcc/arm-none-eabi/8.3.1/../../../../arm-none-eabi/lib/thumb/v7-m/nofp/libc_nano.a(lib_a-init.o)
__preinit_array_start                             /Users/geekchun/Developerment/gcc-arm-none-eabi/bin/../lib/gcc/arm-none-eabi/8.3.1/../../../../arm-none-eabi/lib/thumb/v7-m/nofp/libc_nano.a(lib_a-init.o)
__register_frame_info                             /Users/geekchun/Developerment/gcc-arm-none-eabi/bin/../lib/gcc/arm-none-eabi/8.3.1/thumb/v7-m/nofp/crtbegin.o
__sf_fake_stderr                                  /Users/geekchun/Developerment/gcc-arm-none-eabi/bin/../lib/gcc/arm-none-eabi/8.3.1/../../../../arm-none-eabi/lib/thumb/v7-m/nofp/libc_nano.a(lib_a-impure.o)
__sf_fake_stdin                                   /Users/geekchun/Developerment/gcc-arm-none-eabi/bin/../lib/gcc/arm-none-eabi/8.3.1/../../../../arm-none-eabi/lib/thumb/v7-m/nofp/libc_nano.a(lib_a-impure.o)
__sf_fake_stdout                                  /Users/geekchun/Developerment/gcc-arm-none-eabi/bin/../lib/gcc/arm-none-eabi/8.3.1/../../../../arm-none-eabi/lib/thumb/v7-m/nofp/libc_nano.a(lib_a-impure.o)
__stack                                           /Users/geekchun/Developerment/gcc-arm-none-eabi/bin/../lib/gcc/arm-none-eabi/8.3.1/../../../../arm-none-eabi/lib/thumb/v7-m/nofp/crt0.o
_ebss                                             ./startup/startup_stm32f10x_hd.o
_edata                                            ./startup/startup_stm32f10x_hd.o
_estack                                           ./startup/startup_stm32f10x_hd.o
_exit                                             /Users/geekchun/Developerment/gcc-arm-none-eabi/bin/../lib/gcc/arm-none-eabi/8.3.1/../../../../arm-none-eabi/lib/thumb/v7-m/nofp/libnosys.a(_exit.o)
                                                  /Users/geekchun/Developerment/gcc-arm-none-eabi/bin/../lib/gcc/arm-none-eabi/8.3.1/../../../../arm-none-eabi/lib/thumb/v7-m/nofp/libc_nano.a(lib_a-exit.o)
_fini                                             /Users/geekchun/Developerment/gcc-arm-none-eabi/bin/../lib/gcc/arm-none-eabi/8.3.1/thumb/v7-m/nofp/crti.o
_global_impure_ptr                                /Users/geekchun/Developerment/gcc-arm-none-eabi/bin/../lib/gcc/arm-none-eabi/8.3.1/../../../../arm-none-eabi/lib/thumb/v7-m/nofp/libc_nano.a(lib_a-impure.o)
                                                  /Users/geekchun/Developerment/gcc-arm-none-eabi/bin/../lib/gcc/arm-none-eabi/8.3.1/../../../../arm-none-eabi/lib/thumb/v7-m/nofp/libc_nano.a(lib_a-exit.o)
_impure_ptr                                       /Users/geekchun/Developerment/gcc-arm-none-eabi/bin/../lib/gcc/arm-none-eabi/8.3.1/../../../../arm-none-eabi/lib/thumb/v7-m/nofp/libc_nano.a(lib_a-impure.o)
_init                                             /Users/geekchun/Developerment/gcc-arm-none-eabi/bin/../lib/gcc/arm-none-eabi/8.3.1/thumb/v7-m/nofp/crti.o
                                                  /Users/geekchun/Developerment/gcc-arm-none-eabi/bin/../lib/gcc/arm-none-eabi/8.3.1/../../../../arm-none-eabi/lib/thumb/v7-m/nofp/libc_nano.a(lib_a-init.o)
_mainCRTStartup                                   /Users/geekchun/Developerment/gcc-arm-none-eabi/bin/../lib/gcc/arm-none-eabi/8.3.1/../../../../arm-none-eabi/lib/thumb/v7-m/nofp/crt0.o
_sbss                                             ./startup/startup_stm32f10x_hd.o
_sdata                                            ./startup/startup_stm32f10x_hd.o
_sidata                                           ./startup/startup_stm32f10x_hd.o
_start                                            /Users/geekchun/Developerment/gcc-arm-none-eabi/bin/../lib/gcc/arm-none-eabi/8.3.1/../../../../arm-none-eabi/lib/thumb/v7-m/nofp/crt0.o
atexit                                            /Users/geekchun/Developerment/gcc-arm-none-eabi/bin/../lib/gcc/arm-none-eabi/8.3.1/../../../../arm-none-eabi/lib/thumb/v7-m/nofp/crt0.o
exit                                              /Users/geekchun/Developerment/gcc-arm-none-eabi/bin/../lib/gcc/arm-none-eabi/8.3.1/../../../../arm-none-eabi/lib/thumb/v7-m/nofp/libc_nano.a(lib_a-exit.o)
                                                  /Users/geekchun/Developerment/gcc-arm-none-eabi/bin/../lib/gcc/arm-none-eabi/8.3.1/../../../../arm-none-eabi/lib/thumb/v7-m/nofp/crt0.o
g_pfnVectors                                      ./startup/startup_stm32f10x_hd.o
hardware_init_hook                                /Users/geekchun/Developerment/gcc-arm-none-eabi/bin/../lib/gcc/arm-none-eabi/8.3.1/../../../../arm-none-eabi/lib/thumb/v7-m/nofp/crt0.o
main                                              .//user/src/main.o
                                                  ./startup/startup_stm32f10x_hd.o
                                                  /Users/geekchun/Developerment/gcc-arm-none-eabi/bin/../lib/gcc/arm-none-eabi/8.3.1/../../../../arm-none-eabi/lib/thumb/v7-m/nofp/crt0.o
memset                                            /Users/geekchun/Developerment/gcc-arm-none-eabi/bin/../lib/gcc/arm-none-eabi/8.3.1/../../../../arm-none-eabi/lib/thumb/v7-m/nofp/libc_nano.a(lib_a-memset.o)
                                                  /Users/geekchun/Developerment/gcc-arm-none-eabi/bin/../lib/gcc/arm-none-eabi/8.3.1/../../../../arm-none-eabi/lib/thumb/v7-m/nofp/crt0.o
software_init_hook                                /Users/geekchun/Developerment/gcc-arm-none-eabi/bin/../lib/gcc/arm-none-eabi/8.3.1/../../../../arm-none-eabi/lib/thumb/v7-m/nofp/crt0.o
